Соколов Г.Б.
гр. Е-Н1123а
Лабораторна робота №2
Тема: Вступ до програмування. Основи debug процессу.
1. Зареєструвався на ресурсі github та створив репозіторій з назвою 
programing-sokolov
https://github.com/SokolovGB/programing-sokolov.git
2. Склоновано та скопійовано наступні файли:
├── .clang-format
├── .clang-tidy
├── .gitlab-ci.yml
├── README.md
└── lab02
├── Doxyfile
├── Makefile
├── README.md
├── src
│ ├── lib.c
│ ├── lib.h
│ └── main.c
└── test
└── test.c
└── test.c

4. Фіксуємо зміни в репозіторіі. Для цього вводимо наступні команди : git add . - додаем файли до індексування, git commit -m – робимо “комміт” фіксуемо факт зміни файлов.
Инициализирован пустой репозиторий Git в /home/sokolov/Документы/sample_project/.git/
sokolov@sokolov-VirtualBox:~/Документы/sample_project$ git add .
sokolov@sokolov-VirtualBox:~/Документы/sample_project$ git commit -m "Initial copy of sample_project"
[master (корневой коммит) b10122d] Initial copy of sam-
 11 files changed, 471 insertions(+)
 create mode 100755 .clang-format
 create mode 100755 .clang-tidy
 create mode 100755 .gitlab-ci.yml
 create mode 100755 README.md
 create mode 100755 lab02/Doxyfile
 create mode 100755 lab02/Makefile
 create mode 100755 lab02/README.md
 create mode 100755 lab02/src/lib.c
 create mode 100755 lab02/src/lib.h
 create mode 100755 lab02/src/main.c
 create mode 100755 lab02/test/test.c
sokolov@sokolov-VirtualBox:~/Документы/sample_project$ ple_project~
ple_project~: команда не найдена
sokolov@sokolov-VirtualBox:~/Документы/sample_project$ git status
Текущая ветка: master
нечего коммитить, нет изменений в рабочем каталоге
sokolov@sokolov-VirtualBox:~/Документы/sample_project$ git log
commit b10122db0785cc26a5970fef043e0f01f7c4300d (HEAD -> master)
Author: sokolov falkongb@gmail.com

5. Виконуемо зміни в проекті, додавши новій тип Тварини “Людина”, та компілюємо.
sokolov@sokolov-VirtualBox:~/Документы/sample_project/lab02$ make clean prep compile check

sokolov@sokolov-VirtualBox:~/Документы/sample_project/lab02$ cd dist
sokolov@sokolov-VirtualBox:~/Документы/sample_project/lab02/dist$ ./main.bin
Інформація про тварину №01: Людина: зріст = 69 см, маса = 74 гр.
Інформація про тварину №02: Корова: зріст = 117 см, маса = 12 гр.
Інформація про тварину №03: Людина: зріст = 27 см, маса = 79 гр.
Інформація про тварину №04: Кіт: зріст = 57 см, маса = 24 гр.
Інформація про тварину №05: Собака: зріст = 76 см, маса = 23 гр.
Інформація про тварину №06: Собака: зріст = 37 см, маса = 68 гр.
Інформація про тварину №07: Свиня: зріст = 82 см, маса = 94 гр.
Інформація про тварину №08: Корова: зріст = 82 см, маса = 103 гр.
Інформація про тварину №09: Кіт: зріст = 94 см, маса = 18 гр.
Інформація про тварину №10: Собака: зріст = 86 см, маса = 14 гр.
sokolov@sokolov-VirtualBox:~/Документы/sample_project/lab02/dist$

6. Запускємо lldb в термінілі, та запускаємо виконавчій файл ./main.bin використовуючи run.
sokolov@sokolov-VirtualBox:~/Документы/sample_project/lab02/dist$ lldb ./main.bin
Traceback (most recent call last):
  File "<string>", line 1, in <module>
ModuleNotFoundError: No module named 'lldb.embedded_interpreter'
(lldb) target create "./main.bin"
Current executable set to '/home/sokolov/Документы/sample_project/lab02/dist/main.bin' (x86_64).
(lldb) run
Process 5682 launched: '/home/sokolov/Документы/sample_project/lab02/dist/main.bin' (x86_64)
Інформація про тварину №01: Собака: зріст = 36 см, маса = 32 гр. 
Інформація про тварину №02: Свиня: зріст = 92 см, маса = 124 гр. 
Інформація про тварину №03: Собака: зріст = 8 см, маса = 52 гр. 
Інформація про тварину №04: Корова: зріст = 44 см, маса = 79 гр. 
Інформація про тварину №05: Собака: зріст = 15 см, маса = 74 гр. 
Інформація про тварину №06: Собака: зріст = 109 см, маса = 1 гр. 
Інформація про тварину №07: Свиня: зріст = 72 см, маса = 42 гр. 
Інформація про тварину №08: Собака: зріст = 87 см, маса = 74 гр. 
Інформація про тварину №09: Собака: зріст = 2 см, маса = 118 гр. 
Інформація про тварину №10: Корова: зріст = 121 см, маса = 72 гр. 
Process 5682 exited with status = 0 (0x00000000) 

Создаєм точку останова breakpoint. Запускаємо программу, використовуєм крокові команди thread step-in, thread step-over, thread step-out
(lldb) b 41
Breakpoint 1: where = main.bin`main + 34 at main.c:43:20, address = 0x0000000000001312
(lldb) r
Process 9335 launched: '/home/sokolov/ Документы /sample_project/lab02/dist/main.bin' (x86_64)
Process 9335 stopped
* thread #1, name = 'main.bin', stop reason = breakpoint 1.1
    frame #0: 0x0000555555555312 main.bin`main at main.c:43:20
   40  		srand((unsigned int)time(0));
   41  		struct animal animals[ANIMAL_COUNT];
   42  	
-> 43  		for (unsigned int i = 0; i < ANIMAL_COUNT; i++) {
   44  			generate_animal(&animals[i]);
   45  		}
   46  		show_animals(animals, ANIMAL_COUNT);
(lldb) s
Process 9335 stopped
* thread #1, name = 'main.bin', stop reason = step in
    frame #0: 0x0000555555555329 main.bin`main at main.c:44:20
   41  		struct animal animals[ANIMAL_COUNT];
   42  	
   43  		for (unsigned int i = 0; i < ANIMAL_COUNT; i++) {
-> 44  			generate_animal(&animals[i]);
   45  		}
   46  		show_animals(animals, ANIMAL_COUNT);
   47  	
(lldb) step
Process 9335 stopped
* thread #1, name = 'main.bin', stop reason = step in
    frame #0: 0x000055555555520c main.bin`generate_animal(entity=0x00007fffffffdeb0) at lib.c:39:33
   36  	
   37  	void generate_animal(struct animal *entity)
   38  	{
-> 39  		entity->height = (unsigned int)random() % INT8_MAX;
   40  		entity->weight = (unsigned int)random() % INT8_MAX;
   41  		entity->type = (unsigned int)random() % ANIMAL_TYPE_COUNT;
   42  	}
(lldb) s
Process 9335 stopped
* thread #1, name = 'main.bin', stop reason = step in
    frame #0: 0x00007ffff7c4624d libc.so.6`__random at random.c:291:3

(lldb) next
Process 6028 stopped
* thread #1, name = 'main.bin', stop reason = step over
    frame #0: 0x0000555555555329 main.bin`main at main.c:44:20
   41  		struct animal animals[ANIMAL_COUNT];
   42  	
   43  		for (unsigned int i = 0; i < ANIMAL_COUNT; i++) {
-> 44  			generate_animal(&animals[i]);
   45  		}
   46  		show_animals(animals, ANIMAL_COUNT);
   47  	
(lldb) next
Process 6028 stopped
* thread #1, name = 'main.bin', stop reason = step over
    frame #0: 0x000055555555533f main.bin`main at main.c:43:46
   40  		srand((unsigned int)time(0));
   41  		struct animal animals[ANIMAL_COUNT];
   42  	
-> 43  		for (unsigned int i = 0; i < ANIMAL_COUNT; i++) {
   44  			generate_animal(&animals[i]);
   45  		}
   46  		show_animals(animals, ANIMAL_COUNT);
(lldb) next
Process 6028 stopped
* thread #1, name = 'main.bin', stop reason = step over
    frame #0: 0x0000555555555329 main.bin`main at main.c:44:20
   41  		struct animal animals[ANIMAL_COUNT];
   42  	
   43  		for (unsigned int i = 0; i < ANIMAL_COUNT; i++) {
-> 44  			generate_animal(&animals[i]);
   45  		}
   46  		show_animals(animals, ANIMAL_COUNT);
   47  	

(lldb) finish
Інформація про тварину №01: Корова: зріст = 47 см, маса = 81 гр. 
Інформація про тварину №02: Корова: зріст = 76 см, маса = 1 гр. 
Інформація про тварину №03: Кіт: зріст = 43 см, маса = 103 гр. 
Інформація про тварину №04: Людина: зріст = 25 см, маса = 73 гр. 
Інформація про тварину №05: Свиня: зріст = 123 см, маса = 21 гр. 
Інформація про тварину №06: Собака: зріст = 95 см, маса = 122 гр. 
Інформація про тварину №07: Собака: зріст = 99 см, маса = 81 гр. 
Інформація про тварину №08: Людина: зріст = 37 см, маса = 8 гр. 
Інформація про тварину №09: Собака: зріст = 85 см, маса = 69 гр. 
Інформація про тварину №10: Свиня: зріст = 5 см, маса = 74 гр. 
Process 6028 stopped
* thread #1, name = 'main.bin', stop reason = step out
Return value: (int) $0 = 0

Визначаемо значення змінної, на цьому прикладі 
(lldb) b 46
Breakpoint 5: where = main.bin`main + 99 at main.c:46:15, address = 0x0000555555555353
(lldb) r
There is a running process, kill it and restart?: [Y/n] y
Process 9157 exited with status = 9 (0x00000009) 
Process 9167 launched: '/home/sokolov/ Документы /sample_project/lab02/dist/main.bin' (x86_64)
Process 9167 stopped
* thread #1, name = 'main.bin', stop reason = breakpoint 5.1
    frame #0: 0x0000555555555353 main.bin`main at main.c:46:15    
   43  		for (unsigned int i = 0; i < ANIMAL_COUNT; i++) {
   44  			generate_animal(&animals[i]);
   45  		}
-> 46  		show_animals(animals, ANIMAL_COUNT);
   47  	
   48  		return 0;
   49  	}
(lldb) p animals
(animal[10]) $0 = {
  [0] = (type = DOG, height = 26, weight = 26)
  [1] = (type = PIG, height = 28, weight = 49)
  [2] = (type = CAT, height = 57, weight = 106)
  [3] = (type = DOG, height = 104, weight = 47)
  [4] = (type = COW, height = 10, weight = 3)
  [5] = (type = COW, height = 126, weight = 10)
  [6] = (type = COW, height = 83, weight = 89)



